<?xml version="1.0" encoding="UTF-8"?>
<program language="IPPcode22">
 <instruction order="1" opcode="LABEL">
  <arg1 type="label">ok</arg1>
 </instruction>
</program>
