<?xml version="1.0" encoding="UTF-8"?>
<program language="IPPcode22">
 <instruction order="1" opcode="PUSHS">
  <arg1 type="var">GF@var</arg1>
 </instruction>
</program>
